// Jest Snapshot v1, https://goo.gl/fbAQLP

exports[`App App Component should match the snapshot 1`] = `
<div
  className="App"
>
  <button
    className="modal-button"
    onClick={[Function]}
  >
    View Saved Books 
    <i
      className="fas fa-eye"
    />
  </button>
  <Search
    handleSearch={[Function]}
  />
  <div
    className="BookResults"
  >
    <Connect(BookDisplay) />
  </div>
</div>
`;
